[36mvite v6.3.5 [32mbuilding for production...[36m[39m
transforming...
[32mΓ£ô[39m 21 modules transformed.
node.exe : [31mΓ£ù[39m Build failed in 
1.04s
At C:\Program Files\nodejs\npx.ps1:29 
char:3
+   & $NODE_EXE $NPX_CLI_JS $args
+   ~~~~~~~~~~~~~~~~~~~~~~~~~~~~~
    + CategoryInfo          : NotSpecified 
   : ([31mΓ£ù[39m Build failed in 1.04s  
  :String) [], RemoteException
    + FullyQualifiedErrorId : NativeComman 
   dError
 
[31merror during build:
[31m[vite:esbuild] Transform failed with 
1 error:
C:/Users/rohit/OneDrive/Desktop/Projects/Li
feledger/client/src/pages/Dashboard.jsx:116
9:0: ERROR: Unexpected end of file before 
a closing "div" tag[31m
file: [36mC:/Users/rohit/OneDrive/Desktop/
Projects/Lifeledger/client/src/pages/Dashbo
ard.jsx:1169:0[31m
[33m
[33mUnexpected end of file before a 
closing "div" tag[33m
1167|                  
currentUser={currentUser}
1168|              />
1169|  
   |  ^
[31m
    at failureErrorWithLog (C:\Users\rohit\
OneDrive\Desktop\Projects\Lifeledger\client
\node_modules\esbuild\lib\main.js:1463:15)
    at C:\Users\rohit\OneDrive\Desktop\Proj
ects\Lifeledger\client\node_modules\esbuild
\lib\main.js:734:50
    at responseCallbacks.<computed> (C:\Use
rs\rohit\OneDrive\Desktop\Projects\Lifeledg
er\client\node_modules\esbuild\lib\main.js:
601:9)
    at handleIncomingPacket (C:\Users\rohit
\OneDrive\Desktop\Projects\Lifeledger\clien
t\node_modules\esbuild\lib\main.js:656:12)
    at Socket.readFromStdout (C:\Users\rohi
t\OneDrive\Desktop\Projects\Lifeledger\clie
nt\node_modules\esbuild\lib\main.js:579:7)
    at Socket.emit (node:events:518:28)
    at addChunk 
(node:internal/streams/readable:561:12)
    at readableAddChunkPushByteMode 
(node:internal/streams/readable:512:3)
    at Readable.push 
(node:internal/streams/readable:392:5)
    at Pipe.onStreamRead (node:internal/str
eam_base_commons:189:23)[39m
